test_aligned_release (test_distribution.DistributionTests.test_aligned_release) ... ok
test_bad_release_states_and_version (test_distribution.DistributionTests.test_bad_release_states_and_version) ... ok
test_bottle_bytes_and_generated_pin (test_distribution.DistributionTests.test_bottle_bytes_and_generated_pin) ... ok
test_bottle_rebuild_and_formula_revision (test_distribution.DistributionTests.test_bottle_rebuild_and_formula_revision) ... ok
test_checksum_file_cannot_be_missing_wrong_or_duplicated (test_distribution.DistributionTests.test_checksum_file_cannot_be_missing_wrong_or_duplicated) ... ok
test_duplicate_or_missing_source_asset (test_distribution.DistributionTests.test_duplicate_or_missing_source_asset) ... ok
test_missing_bottle_block_or_wrong_platform (test_distribution.DistributionTests.test_missing_bottle_block_or_wrong_platform) ... ok
test_missing_metadata_digest_still_hashes_download (test_distribution.DistributionTests.test_missing_metadata_digest_still_hashes_download) ... ok
test_network_errors_propagate (test_distribution.DistributionTests.test_network_errors_propagate) ... ok
test_old_bottle_release_is_not_source_alignment (test_distribution.DistributionTests.test_old_bottle_release_is_not_source_alignment) ... ok
test_redirects_drop_credentials_and_refuse_http (test_distribution.DistributionTests.test_redirects_drop_credentials_and_refuse_http) ... ok
test_source_asset_failures (test_distribution.DistributionTests.test_source_asset_failures) ... ok
test_source_pin_cannot_be_inherited_from_resource (test_distribution.DistributionTests.test_source_pin_cannot_be_inherited_from_resource) ... ok
test_stale_bottle_root_or_missing_asset (test_distribution.DistributionTests.test_stale_bottle_root_or_missing_asset) ... ok
test_tunnel_resource_cannot_drift_or_disappear (test_distribution.DistributionTests.test_tunnel_resource_cannot_drift_or_disappear) ... ok
test_upstream_source_pin_must_match (test_distribution.DistributionTests.test_upstream_source_pin_must_match) ... ok
test_url_version_must_match_asset_name (test_distribution.DistributionTests.test_url_version_must_match_asset_name) ... ok
test_duplicate_json (test_seven_operations.SevenOperationTests.test_duplicate_json) ... ok
test_duplicate_tool (test_seven_operations.SevenOperationTests.test_duplicate_tool) ... ok
test_explicit_fixture_passes_and_invokes_no_provider_action (test_seven_operations.SevenOperationTests.test_explicit_fixture_passes_and_invokes_no_provider_action) ... ok
test_extra_tool (test_seven_operations.SevenOperationTests.test_extra_tool) ... ok
test_invalid_timeout (test_seven_operations.SevenOperationTests.test_invalid_timeout) ... ok
test_missing_tool (test_seven_operations.SevenOperationTests.test_missing_tool) ... ok
test_notification_flood (test_seven_operations.SevenOperationTests.test_notification_flood) ... ok
test_oversized_frame (test_seven_operations.SevenOperationTests.test_oversized_frame) ... ok
test_pagination (test_seven_operations.SevenOperationTests.test_pagination) ... ok
test_timeout (test_seven_operations.SevenOperationTests.test_timeout) ... ok
test_tool_error (test_seven_operations.SevenOperationTests.test_tool_error) ... ok
test_wrong_hash (test_seven_operations.SevenOperationTests.test_wrong_hash) ... ok
test_wrong_id (test_seven_operations.SevenOperationTests.test_wrong_id) ... ok
test_wrong_inspection (test_seven_operations.SevenOperationTests.test_wrong_inspection) ... ok
test_wrong_path (test_seven_operations.SevenOperationTests.test_wrong_path) ... ok
test_wrong_pid (test_seven_operations.SevenOperationTests.test_wrong_pid) ... ok
test_wrong_version (test_seven_operations.SevenOperationTests.test_wrong_version) ... ok
test_listing_order_does_not_change_fingerprint (test_seven_operations_schema.SevenOperationSchemaTests.test_listing_order_does_not_change_fingerprint) ... ok
test_same_names_changed_schema_is_rejected (test_seven_operations_schema.SevenOperationSchemaTests.test_same_names_changed_schema_is_rejected) ... ok
test_stable_schema_records_fingerprint (test_seven_operations_schema.SevenOperationSchemaTests.test_stable_schema_records_fingerprint) ... ok

----------------------------------------------------------------------
Ran 37 tests in 3.261s

OK
